

=== admin-triggered qualifiedRecheck started, session=2026-09-01T20:06:55.530Z by victor.gm.liu@gmail.com ===
targetPercent=50% testYears=2 candidates=183 (all qualified rows)
[refresh] AMD history was stale (last stored: 2026-08-27), refreshed before rechecking
[AMD] AI验证达标·AMD·第1年+78.0%·第2年+90.5%·20260828: 复查 year1=76.2%年化 year2=92.2%年化 — 仍达标
[ARM] AI验证达标·ARM·第1年+53.8%·第2年+56.5%·20260828: 复查 year1=64.4%年化 year2=54.2%年化 — 仍达标
[refresh] TSM history was stale (last stored: 2026-08-26), refreshed before rechecking
[TSM] AI验证达标·TSM·第1年+57.4%·第2年+54.2%·20260828: 复查 year1=61.6%年化 year2=60.3%年化 — 仍达标
[NET] AI验证达标·NET·第1年+137.0%·第2年+61.4%·20260828: 复查 year1=151.8%年化 year2=59.5%年化 — 仍达标
[refresh] 000988 history was stale (last stored: 2026-08-26), refreshed before rechecking
[000988] AI验证达标·000988·第1年+108.1%·第2年+70.8%·20260828: 复查 year1=119.5%年化 year2=36.6%年化 — 不再达标
[000657] AI验证达标·000657·第1年+128.4%·第2年+205.2%·20260828: 复查 year1=135.1%年化 year2=183.4%年化 — 仍达标
[301308] AI验证达标·301308·第1年+71.8%·第2年+187.1%·20260828: 复查 year1=67.9%年化 year2=181.0%年化 — 仍达标
[301165] AI验证达标·301165·第1年+77.8%·第2年+81.3%·20260828: 复查 year1=78.8%年化 year2=59.7%年化 — 仍达标
[300017] AI验证达标·300017·第1年+165.2%·第2年+141.2%·20260828: 复查 year1=149.8%年化 year2=142.1%年化 — 仍达标
[688041] AI验证达标·688041·第1年+201.5%·第2年+138.4%·20260828: 复查 year1=192.2%年化 year2=138.6%年化 — 仍达标
[688322] AI验证达标·688322·第1年+56.7%·第2年+77.3%·20260828: 复查 year1=57.0%年化 year2=78.2%年化 — 仍达标
[refresh] 300857 history was stale (last stored: 2026-08-27), refreshed before rechecking
[300857] AI验证达标·300857·第1年+221.5%·第2年+54.7%·20260828: 复查 year1=234.4%年化 year2=57.3%年化 — 仍达标
[300458] AI验证达标·300458·第1年+128.7%·第2年+56.3%·20260828: 复查 year1=117.0%年化 year2=39.0%年化 — 不再达标
[refresh] 300442 history was stale (last stored: 2026-08-27), refreshed before rechecking
[300442] AI验证达标·300442·第1年+70.2%·第2年+54.7%·20260829: 复查 year1=132.4%年化 year2=67.0%年化 — 仍达标
[002281] AI验证达标·002281·第1年+91.0%·第2年+99.5%·20260829: 复查 year1=94.2%年化 year2=95.6%年化 — 仍达标
[300308] AI验证达标·300308·第1年+255.5%·第2年+148.1%·20260829: 复查 year1=270.3%年化 year2=111.9%年化 — 仍达标
[688256] AI验证达标·688256·第1年+188.3%·第2年+87.3%·20260829: 复查 year1=234.9%年化 year2=96.8%年化 — 仍达标
[refresh] 688521 history was stale (last stored: 2026-08-27), refreshed before rechecking
[688521] AI验证达标·688521·第1年+121.9%·第2年+102.3%·20260829: 复查 year1=129.4%年化 year2=100.0%年化 — 仍达标
[refresh] 688008 history was stale (last stored: 2026-08-27), refreshed before rechecking
[688008] AI验证达标·688008·第1年+139.8%·第2年+50.7%·20260829: 复查 year1=128.1%年化 year2=76.1%年化 — 仍达标
[688099] AI验证达标·688099·第1年+102.7%·第2年+71.0%·20260829: 复查 year1=96.6%年化 year2=71.2%年化 — 仍达标
[300223] AI验证达标·300223·第1年+96.0%·第2年+86.1%·20260829: 复查 year1=104.3%年化 year2=77.3%年化 — 仍达标
[refresh] 000938 history was stale (last stored: 2026-08-26), refreshed before rechecking
[000938] AI验证达标·000938·第1年+79.2%·第2年+64.9%·20260829: 复查 year1=76.3%年化 year2=79.5%年化 — 仍达标
[TSLA] AI验证达标·TSLA·第1年+119.5%·第2年+96.9%·20260829: 复查 year1=119.4%年化 year2=99.2%年化 — 仍达标
[NET] AI验证达标·NET·第1年+70.4%·第2年+55.8%·20260829: 复查 year1=73.0%年化 year2=59.3%年化 — 仍达标
[TSLA] AI验证达标·TSLA·第1年+91.2%·第2年+74.3%·20260830: 复查 year1=91.7%年化 year2=74.3%年化 — 仍达标
[AMD] AI验证达标·AMD·第1年+52.1%·第2年+122.0%·20260830: 复查 year1=52.4%年化 year2=120.6%年化 — 仍达标
[TSM] AI验证达标·TSM·第1年+60.0%·第2年+78.1%·20260830: 复查 year1=71.4%年化 year2=75.9%年化 — 仍达标
[TSM] AI验证达标·TSM·第1年+67.4%·第2年+70.9%·20260830: 复查 year1=79.6%年化 year2=68.8%年化 — 仍达标
[refresh] ASX history was stale (last stored: 2026-08-27), refreshed before rechecking
[ASX] AI验证达标·ASX·第1年+60.4%·第2年+149.6%·20260830: 复查 year1=60.7%年化 year2=136.2%年化 — 仍达标
[ARM] AI验证达标·ARM·第1年+64.1%·第2年+54.2%·20260830: 复查 year1=64.4%年化 year2=54.2%年化 — 仍达标
[ARM] AI验证达标·ARM·第1年+83.2%·第2年+144.7%·20260830: 复查 year1=97.6%年化 year2=144.7%年化 — 仍达标
[NET] AI验证达标·NET·第1年+169.6%·第2年+131.2%·20260830: 复查 year1=171.0%年化 year2=131.2%年化 — 仍达标
[NET] AI验证达标·NET·第1年+60.9%·第2年+51.6%·20260830: 复查 year1=69.5%年化 year2=51.6%年化 — 仍达标
[NET] AI验证达标·NET·第1年+72.1%·第2年+52.5%·20260830: 复查 year1=72.5%年化 year2=52.5%年化 — 仍达标
[NET] AI验证达标·NET·第1年+144.3%·第2年+52.6%·20260830: 复查 year1=150.9%年化 year2=59.2%年化 — 仍达标
[300017] AI验证达标·300017·第1年+55.0%·第2年+50.6%·20260830: 复查 year1=55.3%年化 year2=50.6%年化 — 仍达标
[300017] AI验证达标·300017·第1年+125.6%·第2年+74.7%·20260830: 复查 year1=137.8%年化 year2=74.7%年化 — 仍达标
[688322] AI验证达标·688322·第1年+138.2%·第2年+60.2%·20260830: 复查 year1=139.3%年化 year2=60.5%年化 — 仍达标
[688322] AI验证达标·688322·第1年+171.5%·第2年+50.7%·20260830: 复查 year1=186.7%年化 year2=50.9%年化 — 仍达标
[688322] AI验证达标·688322·第1年+171.3%·第2年+52.1%·20260830: 复查 year1=172.4%年化 year2=52.1%年化 — 仍达标
[300857] AI验证达标·300857·第1年+121.7%·第2年+125.3%·20260830: 复查 year1=134.4%年化 year2=127.1%年化 — 仍达标
[300857] AI验证达标·300857·第1年+86.1%·第2年+163.3%·20260830: 复查 year1=99.4%年化 year2=165.9%年化 — 仍达标
[300857] AI验证达标·300857·第1年+58.3%·第2年+154.1%·20260830: 复查 year1=58.6%年化 year2=155.0%年化 — 仍达标
[300857] AI验证达标·300857·第1年+183.4%·第2年+392.7%·20260830: 复查 year1=204.2%年化 year2=395.0%年化 — 仍达标
[300857] AI验证达标·300857·第1年+146.7%·第2年+186.1%·20260830: 复查 year1=206.0%年化 year2=188.8%年化 — 仍达标
[300857] AI验证达标·300857·第1年+51.9%·第2年+75.5%·20260830: 复查 year1=52.1%年化 year2=77.8%年化 — 仍达标
[300857] AI验证达标·300857·第1年+60.2%·第2年+111.2%·20260830: 复查 year1=60.5%年化 year2=109.9%年化 — 仍达标
[300857] AI验证达标·300857·第1年+58.2%·第2年+321.5%·20260830: 复查 year1=58.5%年化 year2=316.5%年化 — 仍达标
[300857] AI验证达标·300857·第1年+181.5%·第2年+205.4%·20260830: 复查 year1=202.3%年化 year2=208.0%年化 — 仍达标
[300857] AI验证达标·300857·第1年+67.9%·第2年+129.4%·20260830: 复查 year1=79.8%年化 year2=132.0%年化 — 仍达标
[300857] AI验证达标·300857·第1年+145.3%·第2年+162.0%·20260830: 复查 year1=163.2%年化 year2=154.7%年化 — 仍达标
[300857] AI验证达标·300857·第1年+180.1%·第2年+268.2%·20260830: 复查 year1=198.7%年化 year2=270.8%年化 — 仍达标
[300857] AI验证达标·300857·第1年+153.2%·第2年+341.4%·20260830: 复查 year1=171.7%年化 year2=343.9%年化 — 仍达标
[300857] AI验证达标·300857·第1年+58.9%·第2年+68.0%·20260830: 复查 year1=62.1%年化 year2=68.3%年化 — 仍达标
[300857] AI验证达标·300857·第1年+122.5%·第2年+91.8%·20260830: 复查 year1=123.2%年化 year2=94.2%年化 — 仍达标
[300857] AI验证达标·300857·第1年+77.8%·第2年+98.9%·20260830: 复查 year1=78.3%年化 year2=100.8%年化 — 仍达标
[300857] AI验证达标·300857·第1年+171.4%·第2年+284.7%·20260830: 复查 year1=176.1%年化 year2=294.0%年化 — 仍达标
[300857] AI验证达标·300857·第1年+199.9%·第2年+89.5%·20260830: 复查 year1=201.2%年化 year2=91.9%年化 — 仍达标
[300857] AI验证达标·300857·第1年+191.1%·第2年+549.5%·20260830: 复查 year1=212.4%年化 year2=551.1%年化 — 仍达标
[300857] AI验证达标·300857·第1年+181.5%·第2年+197.6%·20260830: 复查 year1=202.3%年化 year2=200.3%年化 — 仍达标
[300857] AI验证达标·300857·第1年+115.3%·第2年+199.2%·20260830: 复查 year1=128.4%年化 year2=196.5%年化 — 仍达标
[300857] AI验证达标·300857·第1年+128.6%·第2年+194.7%·20260830: 复查 year1=129.4%年化 year2=192.1%年化 — 仍达标
[300857] AI验证达标·300857·第1年+86.1%·第2年+163.3%·20260830: 复查 year1=99.4%年化 year2=165.9%年化 — 仍达标
[300857] AI验证达标·300857·第1年+183.4%·第2年+266.8%·20260830: 复查 year1=204.2%年化 year2=269.4%年化 — 仍达标
[300857] AI验证达标·300857·第1年+118.0%·第2年+74.0%·20260830: 复查 year1=118.7%年化 year2=75.8%年化 — 仍达标
[300857] AI验证达标·300857·第1年+121.4%·第2年+331.4%·20260830: 复查 year1=122.1%年化 year2=333.9%年化 — 仍达标
[300857] AI验证达标·300857·第1年+181.5%·第2年+199.4%·20260830: 复查 year1=202.3%年化 year2=202.0%年化 — 仍达标
[300458] AI验证达标·300458·第1年+105.4%·第2年+69.4%·20260830: 复查 year1=106.1%年化 year2=69.4%年化 — 仍达标
[300458] AI验证达标·300458·第1年+105.4%·第2年+69.4%·20260830: 复查 year1=106.1%年化 year2=69.4%年化 — 仍达标
[refresh] 300502 history was stale (last stored: 2026-08-27), refreshed before rechecking
[300502] AI验证达标·300502·第1年+242.8%·第2年+63.6%·20260830: 复查 year1=244.6%年化 year2=59.9%年化 — 仍达标
[300502] AI验证达标·300502·第1年+231.1%·第2年+90.7%·20260830: 复查 year1=253.7%年化 year2=86.2%年化 — 仍达标
[300502] AI验证达标·300502·第1年+293.5%·第2年+96.5%·20260830: 复查 year1=295.8%年化 year2=92.0%年化 — 仍达标
[300502] AI验证达标·300502·第1年+468.6%·第2年+63.6%·20260830: 复查 year1=508.7%年化 year2=59.9%年化 — 仍达标
[300502] AI验证达标·300502·第1年+196.4%·第2年+56.3%·20260830: 复查 year1=216.1%年化 year2=56.9%年化 — 仍达标
[300502] AI验证达标·300502·第1年+111.6%·第2年+106.9%·20260830: 复查 year1=125.4%年化 year2=107.0%年化 — 仍达标
[300502] AI验证达标·300502·第1年+124.7%·第2年+58.4%·20260830: 复查 year1=125.4%年化 year2=54.9%年化 — 仍达标
[300502] AI验证达标·300502·第1年+418.1%·第2年+88.4%·20260830: 复查 year1=421.7%年化 year2=84.0%年化 — 仍达标
[300502] AI验证达标·300502·第1年+478.4%·第2年+76.5%·20260830: 复查 year1=482.6%年化 year2=72.4%年化 — 仍达标
[300502] AI验证达标·300502·第1年+351.3%·第2年+100.3%·20260830: 复查 year1=382.5%年化 year2=94.6%年化 — 仍达标
[300502] AI验证达标·300502·第1年+351.3%·第2年+100.3%·20260830: 复查 year1=382.5%年化 year2=94.6%年化 — 仍达标
[300502] AI验证达标·300502·第1年+365.7%·第2年+65.3%·20260830: 复查 year1=368.7%年化 year2=62.1%年化 — 仍达标
[300502] AI验证达标·300502·第1年+476.9%·第2年+50.3%·20260830: 复查 year1=481.2%年化 year2=47.0%年化 — 不再达标
[300502] AI验证达标·300502·第1年+168.7%·第2年+76.2%·20260830: 复查 year1=-40.3%年化 year2=75.2%年化 — 不再达标
[300502] AI验证达标·300502·第1年+330.1%·第2年+50.3%·20260830: 复查 year1=358.6%年化 year2=47.0%年化 — 不再达标
[300502] AI验证达标·300502·第1年+404.7%·第2年+59.9%·20260830: 复查 year1=338.6%年化 year2=56.4%年化 — 仍达标
[300502] AI验证达标·300502·第1年+390.5%·第2年+54.4%·20260830: 复查 year1=393.8%年化 year2=51.1%年化 — 仍达标
[300502] AI验证达标·300502·第1年+430.3%·第2年+61.3%·20260830: 复查 year1=434.0%年化 year2=60.7%年化 — 仍达标
[002281] AI验证达标·002281·第1年+74.2%·第2年+111.5%·20260830: 复查 year1=74.6%年化 year2=111.5%年化 — 仍达标
[002281] AI验证达标·002281·第1年+90.8%·第2年+188.8%·20260830: 复查 year1=91.3%年化 year2=188.8%年化 — 仍达标
[002281] AI验证达标·002281·第1年+170.9%·第2年+97.5%·20260830: 复查 year1=177.0%年化 year2=97.5%年化 — 仍达标
[002281] AI验证达标·002281·第1年+79.3%·第2年+84.6%·20260830: 复查 year1=79.8%年化 year2=84.6%年化 — 仍达标
[002281] AI验证达标·002281·第1年+156.8%·第2年+121.8%·20260830: 复查 year1=157.8%年化 year2=121.8%年化 — 仍达标
[002281] AI验证达标·002281·第1年+100.0%·第2年+86.4%·20260830: 复查 year1=100.6%年化 year2=86.4%年化 — 仍达标
[002281] AI验证达标·002281·第1年+59.3%·第2年+50.3%·20260830: 复查 year1=59.6%年化 year2=50.3%年化 — 仍达标
[002281] AI验证达标·002281·第1年+83.4%·第2年+95.5%·20260830: 复查 year1=83.8%年化 year2=95.5%年化 — 仍达标
[002281] AI验证达标·002281·第1年+148.8%·第2年+94.7%·20260830: 复查 year1=165.7%年化 year2=94.7%年化 — 仍达标
[002281] AI验证达标·002281·第1年+107.6%·第2年+60.5%·20260830: 复查 year1=108.3%年化 year2=60.5%年化 — 仍达标
[002281] AI验证达标·002281·第1年+62.6%·第2年+59.3%·20260830: 复查 year1=63.0%年化 year2=59.3%年化 — 仍达标
[002281] AI验证达标·002281·第1年+121.7%·第2年+86.8%·20260830: 复查 year1=126.5%年化 year2=86.8%年化 — 仍达标
[300308] AI验证达标·300308·第1年+204.8%·第2年+53.4%·20260830: 复查 year1=224.4%年化 year2=50.3%年化 — 仍达标
[300308] AI验证达标·300308·第1年+262.4%·第2年+120.9%·20260830: 复查 year1=282.0%年化 year2=115.7%年化 — 仍达标
[300308] AI验证达标·300308·第1年+223.7%·第2年+133.7%·20260830: 复查 year1=241.1%年化 year2=128.2%年化 — 仍达标
[300308] AI验证达标·300308·第1年+139.6%·第2年+174.0%·20260830: 复查 year1=140.5%年化 year2=167.1%年化 — 仍达标
[300308] AI验证达标·300308·第1年+411.2%·第2年+71.0%·20260830: 复查 year1=415.0%年化 year2=62.4%年化 — 仍达标
[300308] AI验证达标·300308·第1年+229.6%·第2年+92.2%·20260830: 复查 year1=231.2%年化 year2=88.0%年化 — 仍达标
[300308] AI验证达标·300308·第1年+154.2%·第2年+120.9%·20260830: 复查 year1=155.1%年化 year2=115.7%年化 — 仍达标
[300308] AI验证达标·300308·第1年+172.0%·第2年+119.9%·20260830: 复查 year1=173.1%年化 year2=118.5%年化 — 仍达标
[300308] AI验证达标·300308·第1年+249.1%·第2年+116.0%·20260830: 复查 year1=268.4%年化 year2=111.0%年化 — 仍达标
[300308] AI验证达标·300308·第1年+308.6%·第2年+118.3%·20260830: 复查 year1=329.0%年化 year2=116.9%年化 — 仍达标
[300308] AI验证达标·300308·第1年+158.1%·第2年+63.1%·20260830: 复查 year1=159.2%年化 year2=62.4%年化 — 仍达标
[300308] AI验证达标·300308·第1年+204.8%·第2年+53.4%·20260830: 复查 year1=224.4%年化 year2=50.3%年化 — 仍达标
[300308] AI验证达标·300308·第1年+164.8%·第2年+118.7%·20260830: 复查 year1=176.0%年化 year2=115.6%年化 — 仍达标
[300308] AI验证达标·300308·第1年+329.1%·第2年+128.9%·20260830: 复查 year1=331.7%年化 year2=125.0%年化 — 仍达标
[300308] AI验证达标·300308·第1年+59.8%·第2年+132.9%·20260830: 复查 year1=60.1%年化 year2=128.0%年化 — 仍达标
[300308] AI验证达标·300308·第1年+250.8%·第2年+131.8%·20260830: 复查 year1=252.6%年化 year2=126.3%年化 — 仍达标
[300308] AI验证达标·300308·第1年+156.6%·第2年+53.3%·20260830: 复查 year1=157.6%年化 year2=52.8%年化 — 仍达标
[300308] AI验证达标·300308·第1年+204.8%·第2年+53.4%·20260830: 复查 year1=224.4%年化 year2=50.3%年化 — 仍达标
[300308] AI验证达标·300308·第1年+60.4%·第2年+50.0%·20260830: 复查 year1=60.7%年化 year2=49.5%年化 — 不再达标
[300308] AI验证达标·300308·第1年+161.4%·第2年+110.1%·20260830: 复查 year1=174.5%年化 year2=108.2%年化 — 仍达标
[300308] AI验证达标·300308·第1年+204.8%·第2年+53.4%·20260830: 复查 year1=224.4%年化 year2=50.3%年化 — 仍达标
[300308] AI验证达标·300308·第1年+155.6%·第2年+104.2%·20260830: 复查 year1=169.0%年化 year2=101.4%年化 — 仍达标
[300308] AI验证达标·300308·第1年+295.6%·第2年+63.2%·20260830: 复查 year1=297.8%年化 year2=59.8%年化 — 仍达标
[688256] AI验证达标·688256·第1年+249.1%·第2年+64.8%·20260830: 复查 year1=256.4%年化 year2=74.6%年化 — 仍达标
[688256] AI验证达标·688256·第1年+294.9%·第2年+58.8%·20260830: 复查 year1=309.0%年化 year2=76.6%年化 — 仍达标
[688256] AI验证达标·688256·第1年+226.0%·第2年+59.7%·20260830: 复查 year1=231.9%年化 year2=69.8%年化 — 仍达标
[688256] AI验证达标·688256·第1年+274.3%·第2年+56.6%·20260830: 复查 year1=287.8%年化 year2=68.1%年化 — 仍达标
[688256] AI验证达标·688256·第1年+274.3%·第2年+56.6%·20260830: 复查 year1=287.8%年化 year2=68.1%年化 — 仍达标
[688521] AI验证达标·688521·第1年+118.1%·第2年+78.6%·20260830: 复查 year1=118.9%年化 year2=91.8%年化 — 仍达标
[688521] AI验证达标·688521·第1年+261.7%·第2年+78.3%·20260830: 复查 year1=264.5%年化 year2=79.4%年化 — 仍达标
[688521] AI验证达标·688521·第1年+167.6%·第2年+54.3%·20260830: 复查 year1=168.8%年化 year2=64.5%年化 — 仍达标
[688521] AI验证达标·688521·第1年+280.4%·第2年+88.5%·20260830: 复查 year1=283.4%年化 year2=88.2%年化 — 仍达标
[688521] AI验证达标·688521·第1年+261.7%·第2年+78.3%·20260830: 复查 year1=264.5%年化 year2=79.4%年化 — 仍达标
[688008] AI验证达标·688008·第1年+92.0%·第2年+231.1%·20260830: 复查 year1=103.4%年化 year2=227.1%年化 — 仍达标
[688008] AI验证达标·688008·第1年+52.6%·第2年+51.3%·20260830: 复查 year1=52.8%年化 year2=39.8%年化 — 不再达标
[688008] AI验证达标·688008·第1年+50.7%·第2年+136.7%·20260830: 复查 year1=51.1%年化 year2=135.1%年化 — 仍达标
[refresh] 002050 history was stale (last stored: 2026-08-26), refreshed before rechecking
[002050] AI验证达标·002050·第1年+88.5%·第2年+51.8%·20260830: 复查 year1=89.0%年化 year2=51.0%年化 — 仍达标
[002050] AI验证达标·002050·第1年+51.6%·第2年+60.7%·20260830: 复查 year1=57.5%年化 year2=59.8%年化 — 仍达标
[300503] AI验证达标·300503·第1年+146.0%·第2年+165.5%·20260830: 复查 year1=153.6%年化 year2=165.5%年化 — 仍达标
[300503] AI验证达标·300503·第1年+50.4%·第2年+85.5%·20260830: 复查 year1=53.5%年化 year2=85.5%年化 — 仍达标
[300503] AI验证达标·300503·第1年+86.0%·第2年+118.3%·20260830: 复查 year1=89.2%年化 year2=62.7%年化 — 仍达标
[300503] AI验证达标·300503·第1年+116.0%·第2年+185.0%·20260830: 复查 year1=122.5%年化 year2=185.0%年化 — 仍达标
[300503] AI验证达标·300503·第1年+100.1%·第2年+78.6%·20260830: 复查 year1=106.1%年化 year2=78.6%年化 — 仍达标
[300503] AI验证达标·300503·第1年+94.7%·第2年+104.3%·20260830: 复查 year1=60.0%年化 year2=107.0%年化 — 仍达标
[300503] AI验证达标·300503·第1年+104.1%·第2年+231.9%·20260830: 复查 year1=110.3%年化 year2=231.9%年化 — 仍达标
[300503] AI验证达标·300503·第1年+74.4%·第2年+108.9%·20260830: 复查 year1=60.7%年化 year2=109.1%年化 — 仍达标
[300503] AI验证达标·300503·第1年+86.9%·第2年+52.0%·20260830: 复查 year1=91.4%年化 year2=52.0%年化 — 仍达标
[300503] AI验证达标·300503·第1年+116.0%·第2年+185.0%·20260830: 复查 year1=122.5%年化 year2=185.0%年化 — 仍达标
[300503] AI验证达标·300503·第1年+59.9%·第2年+91.8%·20260830: 复查 year1=60.3%年化 year2=91.8%年化 — 仍达标
[300503] AI验证达标·300503·第1年+97.3%·第2年+141.2%·20260830: 复查 year1=102.7%年化 year2=141.2%年化 — 仍达标
[688090] AI验证达标·688090·第1年+105.7%·第2年+193.3%·20260830: 复查 year1=94.3%年化 year2=193.3%年化 — 仍达标
[688090] AI验证达标·688090·第1年+66.9%·第2年+130.4%·20260830: 复查 year1=67.0%年化 year2=130.3%年化 — 仍达标
[688090] AI验证达标·688090·第1年+135.2%·第2年+182.7%·20260830: 复查 year1=136.0%年化 year2=182.7%年化 — 仍达标
[688090] AI验证达标·688090·第1年+56.6%·第2年+123.1%·20260830: 复查 year1=54.6%年化 year2=123.1%年化 — 仍达标
[688090] AI验证达标·688090·第1年+56.0%·第2年+59.4%·20260830: 复查 year1=54.3%年化 year2=59.4%年化 — 仍达标
[688090] AI验证达标·688090·第1年+51.9%·第2年+232.0%·20260830: 复查 year1=52.2%年化 year2=232.0%年化 — 仍达标
[688090] AI验证达标·688090·第1年+124.2%·第2年+151.2%·20260830: 复查 year1=125.0%年化 year2=151.2%年化 — 仍达标
[603203] AI验证达标·603203·第1年+86.1%·第2年+98.9%·20260830: 复查 year1=88.7%年化 year2=98.9%年化 — 仍达标
[603203] AI验证达标·603203·第1年+77.2%·第2年+74.1%·20260830: 复查 year1=79.8%年化 year2=74.1%年化 — 仍达标
[603203] AI验证达标·603203·第1年+75.7%·第2年+86.5%·20260830: 复查 year1=77.8%年化 year2=86.5%年化 — 仍达标
[603203] AI验证达标·603203·第1年+74.4%·第2年+89.1%·20260830: 复查 year1=74.9%年化 year2=89.1%年化 — 仍达标
[688698] AI验证达标·688698·第1年+76.0%·第2年+66.8%·20260830: 复查 year1=80.3%年化 year2=66.6%年化 — 仍达标
[688686] AI验证达标·688686·第1年+65.8%·第2年+52.5%·20260830: 复查 year1=66.3%年化 year2=52.5%年化 — 仍达标
[688322] AI验证达标·688322·第1年+166.8%·第2年+51.1%·20260830: 复查 year1=165.4%年化 year2=50.6%年化 — 仍达标
[002975] AI验证达标·002975·第1年+114.1%·第2年+88.2%·20260830: 复查 year1=120.4%年化 year2=88.2%年化 — 仍达标
[002975] AI验证达标·002975·第1年+111.3%·第2年+139.3%·20260830: 复查 year1=117.5%年化 year2=139.3%年化 — 仍达标
[002975] AI验证达标·002975·第1年+117.8%·第2年+109.0%·20260830: 复查 year1=124.3%年化 year2=109.0%年化 — 仍达标
[002975] AI验证达标·002975·第1年+51.0%·第2年+72.6%·20260830: 复查 year1=54.5%年化 year2=72.6%年化 — 仍达标
[002975] AI验证达标·002975·第1年+66.0%·第2年+69.8%·20260830: 复查 year1=69.0%年化 year2=69.8%年化 — 仍达标
[002975] AI验证达标·002975·第1年+67.2%·第2年+71.8%·20260830: 复查 year1=72.0%年化 year2=71.8%年化 — 仍达标
[002975] AI验证达标·002975·第1年+63.7%·第2年+61.9%·20260830: 复查 year1=56.6%年化 year2=61.9%年化 — 仍达标
[000967] AI验证达标·000967·第1年+99.9%·第2年+106.7%·20260830: 复查 year1=100.5%年化 year2=106.7%年化 — 仍达标
[688003] AI验证达标·688003·第1年+76.6%·第2年+89.0%·20260830: 复查 year1=76.9%年化 year2=89.0%年化 — 仍达标
[688003] AI验证达标·688003·第1年+56.1%·第2年+99.8%·20260830: 复查 year1=56.4%年化 year2=100.2%年化 — 仍达标
[688003] AI验证达标·688003·第1年+120.0%·第2年+84.5%·20260830: 复查 year1=120.8%年化 year2=84.4%年化 — 仍达标
[002896] AI验证达标·002896·第1年+158.8%·第2年+56.7%·20260830: 复查 year1=170.8%年化 year2=56.7%年化 — 仍达标
[002896] AI验证达标·002896·第1年+124.8%·第2年+54.8%·20260830: 复查 year1=135.0%年化 year2=54.8%年化 — 仍达标
[AMD] AI验证达标·AMD·第1年+52.2%·第2年+85.1%·20260831: 复查 year1=52.2%年化 year2=83.5%年化 — 仍达标
[AVGO] AI验证达标·AVGO·第1年+64.6%·第2年+59.6%·20260831: 复查 year1=64.6%年化 year2=59.6%年化 — 仍达标
[AVGO] AI验证达标·AVGO·第1年+111.4%·第2年+57.5%·20260831: 复查 year1=111.4%年化 year2=57.5%年化 — 仍达标
[AVGO] AI验证达标·AVGO·第1年+93.1%·第2年+53.6%·20260831: 复查 year1=93.1%年化 year2=53.6%年化 — 仍达标
[CSCO] AI验证达标·CSCO·第1年+50.2%·第2年+63.5%·20260831: 复查 year1=50.2%年化 year2=63.5%年化 — 仍达标
[CRWD] AI验证达标·CRWD·第1年+69.0%·第2年+116.5%·20260831: 复查 year1=69.0%年化 year2=116.5%年化 — 仍达标
[CRWD] AI验证达标·CRWD·第1年+73.2%·第2年+64.7%·20260831: 复查 year1=73.2%年化 year2=64.7%年化 — 仍达标

done. checked=183 stillQualifies=176 noLongerQualifies=7 skipped=0

=== admin-triggered qualifiedRecheck exited with code 0 ===


=== admin-triggered qualifiedRecheck started, session=2026-09-01T20:08:27.858Z by victor.gm.liu@gmail.com ===
targetPercent=50% testYears=2 candidates=183 (all qualified rows)
[AMD] AI验证达标·AMD·第1年+78.0%·第2年+90.5%·20260828: 复查 year1=76.2%年化 year2=92.2%年化 — 仍达标
[ARM] AI验证达标·ARM·第1年+53.8%·第2年+56.5%·20260828: 复查 year1=64.4%年化 year2=54.2%年化 — 仍达标
[TSM] AI验证达标·TSM·第1年+57.4%·第2年+54.2%·20260828: 复查 year1=61.6%年化 year2=60.3%年化 — 仍达标
[NET] AI验证达标·NET·第1年+137.0%·第2年+61.4%·20260828: 复查 year1=151.8%年化 year2=59.5%年化 — 仍达标
[000988] AI验证达标·000988·第1年+108.1%·第2年+70.8%·20260828: 复查 year1=119.5%年化 year2=36.6%年化 — 不再达标
[000657] AI验证达标·000657·第1年+128.4%·第2年+205.2%·20260828: 复查 year1=135.1%年化 year2=183.4%年化 — 仍达标
[301308] AI验证达标·301308·第1年+71.8%·第2年+187.1%·20260828: 复查 year1=67.9%年化 year2=181.0%年化 — 仍达标
[301165] AI验证达标·301165·第1年+77.8%·第2年+81.3%·20260828: 复查 year1=78.8%年化 year2=59.7%年化 — 仍达标
[300017] AI验证达标·300017·第1年+165.2%·第2年+141.2%·20260828: 复查 year1=149.8%年化 year2=142.1%年化 — 仍达标
[688041] AI验证达标·688041·第1年+201.5%·第2年+138.4%·20260828: 复查 year1=192.2%年化 year2=138.6%年化 — 仍达标
[688322] AI验证达标·688322·第1年+56.7%·第2年+77.3%·20260828: 复查 year1=57.0%年化 year2=78.2%年化 — 仍达标
[300857] AI验证达标·300857·第1年+221.5%·第2年+54.7%·20260828: 复查 year1=234.4%年化 year2=57.3%年化 — 仍达标
[300458] AI验证达标·300458·第1年+128.7%·第2年+56.3%·20260828: 复查 year1=117.0%年化 year2=39.0%年化 — 不再达标
[300442] AI验证达标·300442·第1年+70.2%·第2年+54.7%·20260829: 复查 year1=132.4%年化 year2=67.0%年化 — 仍达标
[002281] AI验证达标·002281·第1年+91.0%·第2年+99.5%·20260829: 复查 year1=94.2%年化 year2=95.6%年化 — 仍达标
[300308] AI验证达标·300308·第1年+255.5%·第2年+148.1%·20260829: 复查 year1=270.3%年化 year2=111.9%年化 — 仍达标
[688256] AI验证达标·688256·第1年+188.3%·第2年+87.3%·20260829: 复查 year1=234.9%年化 year2=96.8%年化 — 仍达标
[688521] AI验证达标·688521·第1年+121.9%·第2年+102.3%·20260829: 复查 year1=129.4%年化 year2=100.0%年化 — 仍达标
[688008] AI验证达标·688008·第1年+139.8%·第2年+50.7%·20260829: 复查 year1=128.1%年化 year2=76.1%年化 — 仍达标
[688099] AI验证达标·688099·第1年+102.7%·第2年+71.0%·20260829: 复查 year1=96.6%年化 year2=71.2%年化 — 仍达标
[300223] AI验证达标·300223·第1年+96.0%·第2年+86.1%·20260829: 复查 year1=104.3%年化 year2=77.3%年化 — 仍达标
[000938] AI验证达标·000938·第1年+79.2%·第2年+64.9%·20260829: 复查 year1=76.3%年化 year2=79.5%年化 — 仍达标
[TSLA] AI验证达标·TSLA·第1年+119.5%·第2年+96.9%·20260829: 复查 year1=119.4%年化 year2=99.2%年化 — 仍达标
[NET] AI验证达标·NET·第1年+70.4%·第2年+55.8%·20260829: 复查 year1=73.0%年化 year2=59.3%年化 — 仍达标
[TSLA] AI验证达标·TSLA·第1年+91.2%·第2年+74.3%·20260830: 复查 year1=91.7%年化 year2=74.3%年化 — 仍达标
[AMD] AI验证达标·AMD·第1年+52.1%·第2年+122.0%·20260830: 复查 year1=52.4%年化 year2=120.6%年化 — 仍达标
[TSM] AI验证达标·TSM·第1年+60.0%·第2年+78.1%·20260830: 复查 year1=71.4%年化 year2=75.9%年化 — 仍达标
[TSM] AI验证达标·TSM·第1年+67.4%·第2年+70.9%·20260830: 复查 year1=79.6%年化 year2=68.8%年化 — 仍达标
[ASX] AI验证达标·ASX·第1年+60.4%·第2年+149.6%·20260830: 复查 year1=60.7%年化 year2=136.2%年化 — 仍达标
[ARM] AI验证达标·ARM·第1年+64.1%·第2年+54.2%·20260830: 复查 year1=64.4%年化 year2=54.2%年化 — 仍达标
[ARM] AI验证达标·ARM·第1年+83.2%·第2年+144.7%·20260830: 复查 year1=97.6%年化 year2=144.7%年化 — 仍达标
[NET] AI验证达标·NET·第1年+169.6%·第2年+131.2%·20260830: 复查 year1=171.0%年化 year2=131.2%年化 — 仍达标
[NET] AI验证达标·NET·第1年+60.9%·第2年+51.6%·20260830: 复查 year1=69.5%年化 year2=51.6%年化 — 仍达标
[NET] AI验证达标·NET·第1年+72.1%·第2年+52.5%·20260830: 复查 year1=72.5%年化 year2=52.5%年化 — 仍达标
[NET] AI验证达标·NET·第1年+144.3%·第2年+52.6%·20260830: 复查 year1=150.9%年化 year2=59.2%年化 — 仍达标
[300017] AI验证达标·300017·第1年+55.0%·第2年+50.6%·20260830: 复查 year1=55.3%年化 year2=50.6%年化 — 仍达标
[300017] AI验证达标·300017·第1年+125.6%·第2年+74.7%·20260830: 复查 year1=137.8%年化 year2=74.7%年化 — 仍达标
[688322] AI验证达标·688322·第1年+138.2%·第2年+60.2%·20260830: 复查 year1=139.3%年化 year2=60.5%年化 — 仍达标
[688322] AI验证达标·688322·第1年+171.5%·第2年+50.7%·20260830: 复查 year1=186.7%年化 year2=50.9%年化 — 仍达标
[688322] AI验证达标·688322·第1年+171.3%·第2年+52.1%·20260830: 复查 year1=172.4%年化 year2=52.1%年化 — 仍达标
[300857] AI验证达标·300857·第1年+121.7%·第2年+125.3%·20260830: 复查 year1=134.4%年化 year2=127.1%年化 — 仍达标
[300857] AI验证达标·300857·第1年+86.1%·第2年+163.3%·20260830: 复查 year1=99.4%年化 year2=165.9%年化 — 仍达标
[300857] AI验证达标·300857·第1年+58.3%·第2年+154.1%·20260830: 复查 year1=58.6%年化 year2=155.0%年化 — 仍达标
[300857] AI验证达标·300857·第1年+183.4%·第2年+392.7%·20260830: 复查 year1=204.2%年化 year2=395.0%年化 — 仍达标
[300857] AI验证达标·300857·第1年+146.7%·第2年+186.1%·20260830: 复查 year1=206.0%年化 year2=188.8%年化 — 仍达标
[300857] AI验证达标·300857·第1年+51.9%·第2年+75.5%·20260830: 复查 year1=52.1%年化 year2=77.8%年化 — 仍达标
[300857] AI验证达标·300857·第1年+60.2%·第2年+111.2%·20260830: 复查 year1=60.5%年化 year2=109.9%年化 — 仍达标
[300857] AI验证达标·300857·第1年+58.2%·第2年+321.5%·20260830: 复查 year1=58.5%年化 year2=316.5%年化 — 仍达标
[300857] AI验证达标·300857·第1年+181.5%·第2年+205.4%·20260830: 复查 year1=202.3%年化 year2=208.0%年化 — 仍达标
[300857] AI验证达标·300857·第1年+67.9%·第2年+129.4%·20260830: 复查 year1=79.8%年化 year2=132.0%年化 — 仍达标
[300857] AI验证达标·300857·第1年+145.3%·第2年+162.0%·20260830: 复查 year1=163.2%年化 year2=154.7%年化 — 仍达标
[300857] AI验证达标·300857·第1年+180.1%·第2年+268.2%·20260830: 复查 year1=198.7%年化 year2=270.8%年化 — 仍达标
[300857] AI验证达标·300857·第1年+153.2%·第2年+341.4%·20260830: 复查 year1=171.7%年化 year2=343.9%年化 — 仍达标
[300857] AI验证达标·300857·第1年+58.9%·第2年+68.0%·20260830: 复查 year1=62.1%年化 year2=68.3%年化 — 仍达标
[300857] AI验证达标·300857·第1年+122.5%·第2年+91.8%·20260830: 复查 year1=123.2%年化 year2=94.2%年化 — 仍达标
[300857] AI验证达标·300857·第1年+77.8%·第2年+98.9%·20260830: 复查 year1=78.3%年化 year2=100.8%年化 — 仍达标
[300857] AI验证达标·300857·第1年+171.4%·第2年+284.7%·20260830: 复查 year1=176.1%年化 year2=294.0%年化 — 仍达标
[300857] AI验证达标·300857·第1年+199.9%·第2年+89.5%·20260830: 复查 year1=201.2%年化 year2=91.9%年化 — 仍达标
[300857] AI验证达标·300857·第1年+191.1%·第2年+549.5%·20260830: 复查 year1=212.4%年化 year2=551.1%年化 — 仍达标
[300857] AI验证达标·300857·第1年+181.5%·第2年+197.6%·20260830: 复查 year1=202.3%年化 year2=200.3%年化 — 仍达标
[300857] AI验证达标·300857·第1年+115.3%·第2年+199.2%·20260830: 复查 year1=128.4%年化 year2=196.5%年化 — 仍达标
[300857] AI验证达标·300857·第1年+128.6%·第2年+194.7%·20260830: 复查 year1=129.4%年化 year2=192.1%年化 — 仍达标
[300857] AI验证达标·300857·第1年+86.1%·第2年+163.3%·20260830: 复查 year1=99.4%年化 year2=165.9%年化 — 仍达标
[300857] AI验证达标·300857·第1年+183.4%·第2年+266.8%·20260830: 复查 year1=204.2%年化 year2=269.4%年化 — 仍达标
[300857] AI验证达标·300857·第1年+118.0%·第2年+74.0%·20260830: 复查 year1=118.7%年化 year2=75.8%年化 — 仍达标
[300857] AI验证达标·300857·第1年+121.4%·第2年+331.4%·20260830: 复查 year1=122.1%年化 year2=333.9%年化 — 仍达标
[300857] AI验证达标·300857·第1年+181.5%·第2年+199.4%·20260830: 复查 year1=202.3%年化 year2=202.0%年化 — 仍达标
[300458] AI验证达标·300458·第1年+105.4%·第2年+69.4%·20260830: 复查 year1=106.1%年化 year2=69.4%年化 — 仍达标
[300458] AI验证达标·300458·第1年+105.4%·第2年+69.4%·20260830: 复查 year1=106.1%年化 year2=69.4%年化 — 仍达标
[300502] AI验证达标·300502·第1年+242.8%·第2年+63.6%·20260830: 复查 year1=244.6%年化 year2=59.9%年化 — 仍达标
[300502] AI验证达标·300502·第1年+231.1%·第2年+90.7%·20260830: 复查 year1=253.7%年化 year2=86.2%年化 — 仍达标
[300502] AI验证达标·300502·第1年+293.5%·第2年+96.5%·20260830: 复查 year1=295.8%年化 year2=92.0%年化 — 仍达标
[300502] AI验证达标·300502·第1年+468.6%·第2年+63.6%·20260830: 复查 year1=508.7%年化 year2=59.9%年化 — 仍达标
[300502] AI验证达标·300502·第1年+196.4%·第2年+56.3%·20260830: 复查 year1=216.1%年化 year2=56.9%年化 — 仍达标
[300502] AI验证达标·300502·第1年+111.6%·第2年+106.9%·20260830: 复查 year1=125.4%年化 year2=107.0%年化 — 仍达标
[300502] AI验证达标·300502·第1年+124.7%·第2年+58.4%·20260830: 复查 year1=125.4%年化 year2=54.9%年化 — 仍达标
[300502] AI验证达标·300502·第1年+418.1%·第2年+88.4%·20260830: 复查 year1=421.7%年化 year2=84.0%年化 — 仍达标
[300502] AI验证达标·300502·第1年+478.4%·第2年+76.5%·20260830: 复查 year1=482.6%年化 year2=72.4%年化 — 仍达标
[300502] AI验证达标·300502·第1年+351.3%·第2年+100.3%·20260830: 复查 year1=382.5%年化 year2=94.6%年化 — 仍达标
[300502] AI验证达标·300502·第1年+351.3%·第2年+100.3%·20260830: 复查 year1=382.5%年化 year2=94.6%年化 — 仍达标
[300502] AI验证达标·300502·第1年+365.7%·第2年+65.3%·20260830: 复查 year1=368.7%年化 year2=62.1%年化 — 仍达标
[300502] AI验证达标·300502·第1年+476.9%·第2年+50.3%·20260830: 复查 year1=481.2%年化 year2=47.0%年化 — 不再达标
[300502] AI验证达标·300502·第1年+168.7%·第2年+76.2%·20260830: 复查 year1=-40.3%年化 year2=75.2%年化 — 不再达标
[300502] AI验证达标·300502·第1年+330.1%·第2年+50.3%·20260830: 复查 year1=358.6%年化 year2=47.0%年化 — 不再达标
[300502] AI验证达标·300502·第1年+404.7%·第2年+59.9%·20260830: 复查 year1=338.6%年化 year2=56.4%年化 — 仍达标
[300502] AI验证达标·300502·第1年+390.5%·第2年+54.4%·20260830: 复查 year1=393.8%年化 year2=51.1%年化 — 仍达标
[300502] AI验证达标·300502·第1年+430.3%·第2年+61.3%·20260830: 复查 year1=434.0%年化 year2=60.7%年化 — 仍达标
[002281] AI验证达标·002281·第1年+74.2%·第2年+111.5%·20260830: 复查 year1=74.6%年化 year2=111.5%年化 — 仍达标
[002281] AI验证达标·002281·第1年+90.8%·第2年+188.8%·20260830: 复查 year1=91.3%年化 year2=188.8%年化 — 仍达标
[002281] AI验证达标·002281·第1年+170.9%·第2年+97.5%·20260830: 复查 year1=177.0%年化 year2=97.5%年化 — 仍达标
[002281] AI验证达标·002281·第1年+79.3%·第2年+84.6%·20260830: 复查 year1=79.8%年化 year2=84.6%年化 — 仍达标
[002281] AI验证达标·002281·第1年+156.8%·第2年+121.8%·20260830: 复查 year1=157.8%年化 year2=121.8%年化 — 仍达标
[002281] AI验证达标·002281·第1年+100.0%·第2年+86.4%·20260830: 复查 year1=100.6%年化 year2=86.4%年化 — 仍达标
[002281] AI验证达标·002281·第1年+59.3%·第2年+50.3%·20260830: 复查 year1=59.6%年化 year2=50.3%年化 — 仍达标
[002281] AI验证达标·002281·第1年+83.4%·第2年+95.5%·20260830: 复查 year1=83.8%年化 year2=95.5%年化 — 仍达标
[002281] AI验证达标·002281·第1年+148.8%·第2年+94.7%·20260830: 复查 year1=165.7%年化 year2=94.7%年化 — 仍达标
[002281] AI验证达标·002281·第1年+107.6%·第2年+60.5%·20260830: 复查 year1=108.3%年化 year2=60.5%年化 — 仍达标
[002281] AI验证达标·002281·第1年+62.6%·第2年+59.3%·20260830: 复查 year1=63.0%年化 year2=59.3%年化 — 仍达标
[002281] AI验证达标·002281·第1年+121.7%·第2年+86.8%·20260830: 复查 year1=126.5%年化 year2=86.8%年化 — 仍达标
[300308] AI验证达标·300308·第1年+204.8%·第2年+53.4%·20260830: 复查 year1=224.4%年化 year2=50.3%年化 — 仍达标
[300308] AI验证达标·300308·第1年+262.4%·第2年+120.9%·20260830: 复查 year1=282.0%年化 year2=115.7%年化 — 仍达标
[300308] AI验证达标·300308·第1年+223.7%·第2年+133.7%·20260830: 复查 year1=241.1%年化 year2=128.2%年化 — 仍达标
[300308] AI验证达标·300308·第1年+139.6%·第2年+174.0%·20260830: 复查 year1=140.5%年化 year2=167.1%年化 — 仍达标
[300308] AI验证达标·300308·第1年+411.2%·第2年+71.0%·20260830: 复查 year1=415.0%年化 year2=62.4%年化 — 仍达标
[300308] AI验证达标·300308·第1年+229.6%·第2年+92.2%·20260830: 复查 year1=231.2%年化 year2=88.0%年化 — 仍达标
[300308] AI验证达标·300308·第1年+154.2%·第2年+120.9%·20260830: 复查 year1=155.1%年化 year2=115.7%年化 — 仍达标
[300308] AI验证达标·300308·第1年+172.0%·第2年+119.9%·20260830: 复查 year1=173.1%年化 year2=118.5%年化 — 仍达标
[300308] AI验证达标·300308·第1年+249.1%·第2年+116.0%·20260830: 复查 year1=268.4%年化 year2=111.0%年化 — 仍达标
[300308] AI验证达标·300308·第1年+308.6%·第2年+118.3%·20260830: 复查 year1=329.0%年化 year2=116.9%年化 — 仍达标
[300308] AI验证达标·300308·第1年+158.1%·第2年+63.1%·20260830: 复查 year1=159.2%年化 year2=62.4%年化 — 仍达标
[300308] AI验证达标·300308·第1年+204.8%·第2年+53.4%·20260830: 复查 year1=224.4%年化 year2=50.3%年化 — 仍达标
[300308] AI验证达标·300308·第1年+164.8%·第2年+118.7%·20260830: 复查 year1=176.0%年化 year2=115.6%年化 — 仍达标
[300308] AI验证达标·300308·第1年+329.1%·第2年+128.9%·20260830: 复查 year1=331.7%年化 year2=125.0%年化 — 仍达标
[300308] AI验证达标·300308·第1年+59.8%·第2年+132.9%·20260830: 复查 year1=60.1%年化 year2=128.0%年化 — 仍达标
[300308] AI验证达标·300308·第1年+250.8%·第2年+131.8%·20260830: 复查 year1=252.6%年化 year2=126.3%年化 — 仍达标
[300308] AI验证达标·300308·第1年+156.6%·第2年+53.3%·20260830: 复查 year1=157.6%年化 year2=52.8%年化 — 仍达标
[300308] AI验证达标·300308·第1年+204.8%·第2年+53.4%·20260830: 复查 year1=224.4%年化 year2=50.3%年化 — 仍达标
[300308] AI验证达标·300308·第1年+60.4%·第2年+50.0%·20260830: 复查 year1=60.7%年化 year2=49.5%年化 — 不再达标
[300308] AI验证达标·300308·第1年+161.4%·第2年+110.1%·20260830: 复查 year1=174.5%年化 year2=108.2%年化 — 仍达标
[300308] AI验证达标·300308·第1年+204.8%·第2年+53.4%·20260830: 复查 year1=224.4%年化 year2=50.3%年化 — 仍达标
[300308] AI验证达标·300308·第1年+155.6%·第2年+104.2%·20260830: 复查 year1=169.0%年化 year2=101.4%年化 — 仍达标
[300308] AI验证达标·300308·第1年+295.6%·第2年+63.2%·20260830: 复查 year1=297.8%年化 year2=59.8%年化 — 仍达标
[688256] AI验证达标·688256·第1年+249.1%·第2年+64.8%·20260830: 复查 year1=256.4%年化 year2=74.6%年化 — 仍达标
[688256] AI验证达标·688256·第1年+294.9%·第2年+58.8%·20260830: 复查 year1=309.0%年化 year2=76.6%年化 — 仍达标
[688256] AI验证达标·688256·第1年+226.0%·第2年+59.7%·20260830: 复查 year1=231.9%年化 year2=69.8%年化 — 仍达标
[688256] AI验证达标·688256·第1年+274.3%·第2年+56.6%·20260830: 复查 year1=287.8%年化 year2=68.1%年化 — 仍达标
[688256] AI验证达标·688256·第1年+274.3%·第2年+56.6%·20260830: 复查 year1=287.8%年化 year2=68.1%年化 — 仍达标
[688521] AI验证达标·688521·第1年+118.1%·第2年+78.6%·20260830: 复查 year1=118.9%年化 year2=91.8%年化 — 仍达标
[688521] AI验证达标·688521·第1年+261.7%·第2年+78.3%·20260830: 复查 year1=264.5%年化 year2=79.4%年化 — 仍达标
[688521] AI验证达标·688521·第1年+167.6%·第2年+54.3%·20260830: 复查 year1=168.8%年化 year2=64.5%年化 — 仍达标
[688521] AI验证达标·688521·第1年+280.4%·第2年+88.5%·20260830: 复查 year1=283.4%年化 year2=88.2%年化 — 仍达标
[688521] AI验证达标·688521·第1年+261.7%·第2年+78.3%·20260830: 复查 year1=264.5%年化 year2=79.4%年化 — 仍达标
[688008] AI验证达标·688008·第1年+92.0%·第2年+231.1%·20260830: 复查 year1=103.4%年化 year2=227.1%年化 — 仍达标
[688008] AI验证达标·688008·第1年+52.6%·第2年+51.3%·20260830: 复查 year1=52.8%年化 year2=39.8%年化 — 不再达标
[688008] AI验证达标·688008·第1年+50.7%·第2年+136.7%·20260830: 复查 year1=51.1%年化 year2=135.1%年化 — 仍达标
[002050] AI验证达标·002050·第1年+88.5%·第2年+51.8%·20260830: 复查 year1=89.0%年化 year2=51.0%年化 — 仍达标
[002050] AI验证达标·002050·第1年+51.6%·第2年+60.7%·20260830: 复查 year1=57.5%年化 year2=59.8%年化 — 仍达标
[300503] AI验证达标·300503·第1年+146.0%·第2年+165.5%·20260830: 复查 year1=153.6%年化 year2=165.5%年化 — 仍达标
[300503] AI验证达标·300503·第1年+50.4%·第2年+85.5%·20260830: 复查 year1=53.5%年化 year2=85.5%年化 — 仍达标
[300503] AI验证达标·300503·第1年+86.0%·第2年+118.3%·20260830: 复查 year1=89.2%年化 year2=62.7%年化 — 仍达标
[300503] AI验证达标·300503·第1年+116.0%·第2年+185.0%·20260830: 复查 year1=122.5%年化 year2=185.0%年化 — 仍达标
[300503] AI验证达标·300503·第1年+100.1%·第2年+78.6%·20260830: 复查 year1=106.1%年化 year2=78.6%年化 — 仍达标
[300503] AI验证达标·300503·第1年+94.7%·第2年+104.3%·20260830: 复查 year1=60.0%年化 year2=107.0%年化 — 仍达标
[300503] AI验证达标·300503·第1年+104.1%·第2年+231.9%·20260830: 复查 year1=110.3%年化 year2=231.9%年化 — 仍达标
[300503] AI验证达标·300503·第1年+74.4%·第2年+108.9%·20260830: 复查 year1=60.7%年化 year2=109.1%年化 — 仍达标
[300503] AI验证达标·300503·第1年+86.9%·第2年+52.0%·20260830: 复查 year1=91.4%年化 year2=52.0%年化 — 仍达标
[300503] AI验证达标·300503·第1年+116.0%·第2年+185.0%·20260830: 复查 year1=122.5%年化 year2=185.0%年化 — 仍达标
[300503] AI验证达标·300503·第1年+59.9%·第2年+91.8%·20260830: 复查 year1=60.3%年化 year2=91.8%年化 — 仍达标
[300503] AI验证达标·300503·第1年+97.3%·第2年+141.2%·20260830: 复查 year1=102.7%年化 year2=141.2%年化 — 仍达标
[688090] AI验证达标·688090·第1年+105.7%·第2年+193.3%·20260830: 复查 year1=94.3%年化 year2=193.3%年化 — 仍达标
[688090] AI验证达标·688090·第1年+66.9%·第2年+130.4%·20260830: 复查 year1=67.0%年化 year2=130.3%年化 — 仍达标
[688090] AI验证达标·688090·第1年+135.2%·第2年+182.7%·20260830: 复查 year1=136.0%年化 year2=182.7%年化 — 仍达标
[688090] AI验证达标·688090·第1年+56.6%·第2年+123.1%·20260830: 复查 year1=54.6%年化 year2=123.1%年化 — 仍达标
[688090] AI验证达标·688090·第1年+56.0%·第2年+59.4%·20260830: 复查 year1=54.3%年化 year2=59.4%年化 — 仍达标
[688090] AI验证达标·688090·第1年+51.9%·第2年+232.0%·20260830: 复查 year1=52.2%年化 year2=232.0%年化 — 仍达标
[688090] AI验证达标·688090·第1年+124.2%·第2年+151.2%·20260830: 复查 year1=125.0%年化 year2=151.2%年化 — 仍达标
[603203] AI验证达标·603203·第1年+86.1%·第2年+98.9%·20260830: 复查 year1=88.7%年化 year2=98.9%年化 — 仍达标
[603203] AI验证达标·603203·第1年+77.2%·第2年+74.1%·20260830: 复查 year1=79.8%年化 year2=74.1%年化 — 仍达标
[603203] AI验证达标·603203·第1年+75.7%·第2年+86.5%·20260830: 复查 year1=77.8%年化 year2=86.5%年化 — 仍达标
[603203] AI验证达标·603203·第1年+74.4%·第2年+89.1%·20260830: 复查 year1=74.9%年化 year2=89.1%年化 — 仍达标
[688698] AI验证达标·688698·第1年+76.0%·第2年+66.8%·20260830: 复查 year1=80.3%年化 year2=66.6%年化 — 仍达标
[688686] AI验证达标·688686·第1年+65.8%·第2年+52.5%·20260830: 复查 year1=66.3%年化 year2=52.5%年化 — 仍达标
[688322] AI验证达标·688322·第1年+166.8%·第2年+51.1%·20260830: 复查 year1=165.4%年化 year2=50.6%年化 — 仍达标
[002975] AI验证达标·002975·第1年+114.1%·第2年+88.2%·20260830: 复查 year1=120.4%年化 year2=88.2%年化 — 仍达标
[002975] AI验证达标·002975·第1年+111.3%·第2年+139.3%·20260830: 复查 year1=117.5%年化 year2=139.3%年化 — 仍达标
[002975] AI验证达标·002975·第1年+117.8%·第2年+109.0%·20260830: 复查 year1=124.3%年化 year2=109.0%年化 — 仍达标
[002975] AI验证达标·002975·第1年+51.0%·第2年+72.6%·20260830: 复查 year1=54.5%年化 year2=72.6%年化 — 仍达标
[002975] AI验证达标·002975·第1年+66.0%·第2年+69.8%·20260830: 复查 year1=69.0%年化 year2=69.8%年化 — 仍达标
[002975] AI验证达标·002975·第1年+67.2%·第2年+71.8%·20260830: 复查 year1=72.0%年化 year2=71.8%年化 — 仍达标
[002975] AI验证达标·002975·第1年+63.7%·第2年+61.9%·20260830: 复查 year1=56.6%年化 year2=61.9%年化 — 仍达标
[000967] AI验证达标·000967·第1年+99.9%·第2年+106.7%·20260830: 复查 year1=100.5%年化 year2=106.7%年化 — 仍达标
[688003] AI验证达标·688003·第1年+76.6%·第2年+89.0%·20260830: 复查 year1=76.9%年化 year2=89.0%年化 — 仍达标
[688003] AI验证达标·688003·第1年+56.1%·第2年+99.8%·20260830: 复查 year1=56.4%年化 year2=100.2%年化 — 仍达标
[688003] AI验证达标·688003·第1年+120.0%·第2年+84.5%·20260830: 复查 year1=120.8%年化 year2=84.4%年化 — 仍达标
[002896] AI验证达标·002896·第1年+158.8%·第2年+56.7%·20260830: 复查 year1=170.8%年化 year2=56.7%年化 — 仍达标
[002896] AI验证达标·002896·第1年+124.8%·第2年+54.8%·20260830: 复查 year1=135.0%年化 year2=54.8%年化 — 仍达标
[AMD] AI验证达标·AMD·第1年+52.2%·第2年+85.1%·20260831: 复查 year1=52.2%年化 year2=83.5%年化 — 仍达标
[AVGO] AI验证达标·AVGO·第1年+64.6%·第2年+59.6%·20260831: 复查 year1=64.6%年化 year2=59.6%年化 — 仍达标
[AVGO] AI验证达标·AVGO·第1年+111.4%·第2年+57.5%·20260831: 复查 year1=111.4%年化 year2=57.5%年化 — 仍达标
[AVGO] AI验证达标·AVGO·第1年+93.1%·第2年+53.6%·20260831: 复查 year1=93.1%年化 year2=53.6%年化 — 仍达标
[CSCO] AI验证达标·CSCO·第1年+50.2%·第2年+63.5%·20260831: 复查 year1=50.2%年化 year2=63.5%年化 — 仍达标
[CRWD] AI验证达标·CRWD·第1年+69.0%·第2年+116.5%·20260831: 复查 year1=69.0%年化 year2=116.5%年化 — 仍达标
[CRWD] AI验证达标·CRWD·第1年+73.2%·第2年+64.7%·20260831: 复查 year1=73.2%年化 year2=64.7%年化 — 仍达标

done. checked=183 stillQualifies=176 noLongerQualifies=7 skipped=0

=== admin-triggered qualifiedRecheck exited with code 0 ===
